[dev.sunrisetheme.com/html-lyon/index2.html]
[dev.sunrisetheme.com/html-lyon/index.html]
[dev.sunrisetheme.com/html-lyon/index3.html]
[backblue.gif]
[fade.gif]
[index.html]
[dev.sunrisetheme.com/html-lyon/images/upload/favicon.png]
[dev.sunrisetheme.com/html-lyon/css/main.css]
[dev.sunrisetheme.com/html-lyon/css/popular.css]
[dev.sunrisetheme.com/html-lyon/css/font-awesome.min.css]
[dev.sunrisetheme.com/html-lyon/css/material-design-iconic-font.min.css]
[dev.sunrisetheme.com/html-lyon/css/responsive.css]
[dev.sunrisetheme.com/html-lyon/css/js_composer.css]
[dev.sunrisetheme.com/html-lyon/css/jquery-ui.css]
[dev.sunrisetheme.com/html-lyon/css/event.css]
[dev.sunrisetheme.com/html-lyon/js/jquery.min.js]
[dev.sunrisetheme.com/html-lyon/js/main.js]
[dev.sunrisetheme.com/html-lyon/js/jquery.mousewheel.min.js]
[dev.sunrisetheme.com/html-lyon/js/imagesloaded.pkgd.min.js]
[dev.sunrisetheme.com/html-lyon/js/isotope.pkgd.min.js]
[dev.sunrisetheme.com/html-lyon/js/jquery.cbpBGSlideshow.js]
[dev.sunrisetheme.com/html-lyon/js/jquery.imageloaded.min.js]
[dev.sunrisetheme.com/html-lyon/js/jquery.infinitescroll.min.js]
[dev.sunrisetheme.com/html-lyon/js/jquery.stellar.min.js]
[dev.sunrisetheme.com/html-lyon/js/jquery.waypoints.min.js]
[dev.sunrisetheme.com/html-lyon/js/jquery-easing.js]
[dev.sunrisetheme.com/html-lyon/js/owl.carousel.min.js]
[dev.sunrisetheme.com/html-lyon/js/ripple.js]
[dev.sunrisetheme.com/html-lyon/js/sequence.jquery.js]
[dev.sunrisetheme.com/html-lyon/js/sequence.jquery-min.js]
[dev.sunrisetheme.com/html-lyon/js/datepicker.min.js]
[dev.sunrisetheme.com/html-lyon/js/zoom-effect.js]
[dev.sunrisetheme.com/html-lyon/revolution/js/jquery.themepunch.tools.min838f.js]
[dev.sunrisetheme.com/html-lyon/revolution/js/extensions/revolution.extension.slideanims.min.js]
[dev.sunrisetheme.com/html-lyon/revolution/js/jquery.themepunch.revolution.min838f.js]
[dev.sunrisetheme.com/html-lyon/revolution/js/extensions/revolution.extension.navigation.min.js]
[dev.sunrisetheme.com/html-lyon/revolution/js/extensions/revolution.extension.parallax.min.js]
[dev.sunrisetheme.com/html-lyon/revolution/css/layers.css]
[dev.sunrisetheme.com/html-lyon/revolution/css/navigation.css]
[dev.sunrisetheme.com/html-lyon/revolution/css/settings.css]
[dev.sunrisetheme.com/html-lyon/index-2.html]
[dev.sunrisetheme.com/html-lyon/rooms-listing-2-columns.html]
[dev.sunrisetheme.com/html-lyon/rooms-listing-3-columns.html]
[dev.sunrisetheme.com/html-lyon/rooms-listing-grid-3-columns.html]
[dev.sunrisetheme.com/html-lyon/single-room.html]
[dev.sunrisetheme.com/html-lyon/single-room-gallery.html]
[dev.sunrisetheme.com/html-lyon/choose-date.html]
[dev.sunrisetheme.com/html-lyon/images/upload/logo.png]
[dev.sunrisetheme.com/html-lyon/medium-thumbnail.html]
[dev.sunrisetheme.com/html-lyon/medium-left-sidebar.html]
[dev.sunrisetheme.com/html-lyon/medium-right-sidebar.html]
[dev.sunrisetheme.com/html-lyon/medium-full-width.html]
[dev.sunrisetheme.com/html-lyon/single-post-standard.html]
[dev.sunrisetheme.com/html-lyon/single-post-video.html]
[dev.sunrisetheme.com/html-lyon/single-post-gallery.html]
[dev.sunrisetheme.com/html-lyon/single-post-soundcloud.html]
[dev.sunrisetheme.com/html-lyon/single-post-audio.html]
[dev.sunrisetheme.com/html-lyon/about-us.html]
[dev.sunrisetheme.com/html-lyon/gallery.html]
[dev.sunrisetheme.com/html-lyon/gallery-2-columns.html]
[dev.sunrisetheme.com/html-lyon/404.html]
[dev.sunrisetheme.com/html-lyon/contact.html]
[dev.sunrisetheme.com/html-lyon/images/upload/revo-2.jpg]
[dev.sunrisetheme.com/html-lyon/choose-room.html]
[dev.sunrisetheme.com/html-lyon/images/upload/bg-title-bar.png]
[dev.sunrisetheme.com/html-lyon/images/upload/tower.jpg]
[dev.sunrisetheme.com/html-lyon/images/upload/img32.jpg]
[dev.sunrisetheme.com/html-lyon/images/upload/eiffel.jpg]
[dev.sunrisetheme.com/html-lyon/images/upload/evening_sea_landscape_island_palms_hotel_1600x1200_hd-wallpaper-415647.jpg]
[dev.sunrisetheme.com/html-lyon/images/upload/dsc-2123.png]
[dev.sunrisetheme.com/html-lyon/images/upload/bar.jpg]
[dev.sunrisetheme.com/html-lyon/images/upload/car.jpg]
[dev.sunrisetheme.com/html-lyon/images/upload/wedding.jpg]
[dev.sunrisetheme.com/html-lyon/images/upload/event.jpg]
[dev.sunrisetheme.com/html-lyon/images/upload/h01.jpg]
[dev.sunrisetheme.com/html-lyon/images/upload/view01.png]
[dev.sunrisetheme.com/html-lyon/images/stars_crystal/rating_on.gif]
[dev.sunrisetheme.com/html-lyon/images/upload/view02.jpg]
[dev.sunrisetheme.com/html-lyon/reservation.html]
[dev.sunrisetheme.com/html-lyon/images/upload/bgmap.png]
[dev.sunrisetheme.com/html-lyon/index.html]
[dev.sunrisetheme.com/html-lyon/images/upload/logo-footer.png]
[dev.sunrisetheme.com/html-lyon/css/gallery.css]
[dev.sunrisetheme.com/html-lyon/css/k-gallery.css]
[dev.sunrisetheme.com/html-lyon/images/upload/logo2.png]
[dev.sunrisetheme.com/html-lyon/images/upload/revo-1.jpg]
[dev.sunrisetheme.com/html-lyon/images/upload/eiffel_tower_paris_france_2-wallpaper.jpg]
[dev.sunrisetheme.com/html-lyon/images/upload/tower_of_london-wallpaper.jpg]
[dev.sunrisetheme.com/html-lyon/images/upload/new_york_city_brooklyn_bridge_view-wallpaper.jpg]
[dev.sunrisetheme.com/html-lyon/images/upload/frankfurt_germany-wallpaper.jpg]
[dev.sunrisetheme.com/html-lyon/index2.html]
[dev.sunrisetheme.com/html-lyon/images/upload/revo-3.jpg]
[dev.sunrisetheme.com/html-lyon/images/upload/h4.jpg]
[dev.sunrisetheme.com/html-lyon/images/upload/h2.jpg]
[dev.sunrisetheme.com/html-lyon/single-gallery-room.59.delayed]
[dev.sunrisetheme.com/html-lyon/single-room-galley.html]
[dev.sunrisetheme.com/html-lyon/index3.html]
[dev.sunrisetheme.com/html-lyon/images/upload/bg.jpg]
[dev.sunrisetheme.com/html-lyon/images/bgpost.png]
[dev.sunrisetheme.com/html-lyon/images/line-title.jpg]
[dev.sunrisetheme.com/html-lyon/images/upload/bghome2.jpg]
[dev.sunrisetheme.com/html-lyon/images/upload/fl4.jpg]
[dev.sunrisetheme.com/html-lyon/images/upload/fl.png]
[dev.sunrisetheme.com/html-lyon/images/upload/fl2.png]
[dev.sunrisetheme.com/html-lyon/images/upload/fl3.png]
[dev.sunrisetheme.com/html-lyon/images/cal-prev.png]
[dev.sunrisetheme.com/html-lyon/images/cal-next.png]
[dev.sunrisetheme.com/html-lyon/images/upload/bg-line.png]
[dev.sunrisetheme.com/html-lyon/images/upload/pin-icon.png]
[dev.sunrisetheme.com/html-lyon/images/upload/bg-check-icon.png]
[dev.sunrisetheme.com/html-lyon/img/pattern/dot.png]
[dev.sunrisetheme.com/html-lyon/img/line-title.jpg]
[dev.sunrisetheme.com/html-lyon/images/upload/k2t-btt.png]
[dev.sunrisetheme.com/html-lyon/images/upload/chevron-down-icon.png]
[dev.sunrisetheme.com/html-lyon/img/icons/search.png]
[dev.sunrisetheme.com/html-lyon/img/icons/play.png]
[dev.sunrisetheme.com/html-lyon/img/icons/mail-icon.png]
[dev.sunrisetheme.com/html-lyon/css/main.css]
[dev.sunrisetheme.com/html-lyon/css/popular.css]
[dev.sunrisetheme.com/html-lyon/fonts/fontawesome-webfont93e3.eot]
[dev.sunrisetheme.com/html-lyon/fonts/fontawesome-webfontd41d.eot]
[dev.sunrisetheme.com/html-lyon/fonts/fontawesome-webfont93e3.woff]
[dev.sunrisetheme.com/html-lyon/css/font-awesome.min.css]
[dev.sunrisetheme.com/html-lyon/fonts/Material-Design-Iconic-Fontf066.woff2]
[dev.sunrisetheme.com/html-lyon/fonts/Material-Design-Iconic-Fontf066.woff]
[dev.sunrisetheme.com/html-lyon/fonts/Material-Design-Iconic-Fontf066.ttf]
[dev.sunrisetheme.com/html-lyon/css/material-design-iconic-font.min.css]
[dev.sunrisetheme.com/html-lyon/vc/alert.png]
[dev.sunrisetheme.com/html-lyon/vc/info.png]
[dev.sunrisetheme.com/html-lyon/vc/tick.png]
[dev.sunrisetheme.com/html-lyon/vc/exclamation.png]
[dev.sunrisetheme.com/html-lyon/images/icons/address-book.png]
[dev.sunrisetheme.com/html-lyon/images/icons/alarm-clock.png]
[dev.sunrisetheme.com/html-lyon/images/icons/anchor.png]
[dev.sunrisetheme.com/html-lyon/images/icons/application-image.png]
[dev.sunrisetheme.com/html-lyon/images/icons/arrow.png]
[dev.sunrisetheme.com/html-lyon/images/icons/auction-hammer.png]
[dev.sunrisetheme.com/html-lyon/images/icons/balloon.png]
[dev.sunrisetheme.com/html-lyon/images/icons/balloon-buzz.png]
[dev.sunrisetheme.com/html-lyon/images/icons/balloon-facebook.png]
[dev.sunrisetheme.com/html-lyon/images/icons/balloon-twitter.png]
[dev.sunrisetheme.com/html-lyon/images/icons/battery-full.png]
[dev.sunrisetheme.com/html-lyon/images/icons/binocular.png]
[dev.sunrisetheme.com/html-lyon/images/icons/blue-document-excel.png]
[dev.sunrisetheme.com/html-lyon/images/icons/blue-document-image.png]
[dev.sunrisetheme.com/html-lyon/images/icons/blue-document-music.png]
[dev.sunrisetheme.com/html-lyon/images/icons/blue-document-office.png]
[dev.sunrisetheme.com/html-lyon/images/icons/blue-document-pdf.png]
[dev.sunrisetheme.com/html-lyon/images/icons/blue-document-powerpoint.png]
[dev.sunrisetheme.com/html-lyon/images/icons/blue-document-word.png]
[dev.sunrisetheme.com/html-lyon/images/icons/bookmark.png]
[dev.sunrisetheme.com/html-lyon/images/icons/camcorder.png]
[dev.sunrisetheme.com/html-lyon/images/icons/camera.png]
[dev.sunrisetheme.com/html-lyon/images/icons/chart.png]
[dev.sunrisetheme.com/html-lyon/images/icons/chart-pie.png]
[dev.sunrisetheme.com/html-lyon/images/icons/clock.png]
[dev.sunrisetheme.com/html-lyon/images/icons/control.png]
[dev.sunrisetheme.com/html-lyon/images/icons/fire.png]
[dev.sunrisetheme.com/html-lyon/images/icons/heart.png]
[dev.sunrisetheme.com/html-lyon/images/icons/mail.png]
[dev.sunrisetheme.com/html-lyon/images/icons/plus-shield.png]
[dev.sunrisetheme.com/html-lyon/images/icons/video.png]
[dev.sunrisetheme.com/html-lyon/images/toggle_open.png]
[dev.sunrisetheme.com/html-lyon/images/toggle_close.png]
[dev.sunrisetheme.com/html-lyon/images/flickr.png]
[dev.sunrisetheme.com/html-lyon/vc/blur.svg]
[dev.sunrisetheme.com/html-lyon/fonts/vc_grid/vc_grid_v157a1.eot]
[dev.sunrisetheme.com/html-lyon/fonts/vc_grid/vc_grid_v1d41d.eot]
[dev.sunrisetheme.com/html-lyon/fonts/vc_grid/vc_grid_v157a1.woff]
[dev.sunrisetheme.com/html-lyon/fonts/vc_grid/vc_grid_v157a1.ttf]
[dev.sunrisetheme.com/html-lyon/fonts/vc_grid/vc_grid_v157a1.svg]
[dev.sunrisetheme.com/html-lyon/css/js_composer.css]
[dev.sunrisetheme.com/html-lyon/css/responsive.css]
[dev.sunrisetheme.com/html-lyon/css/images/animated-overlay.gif]
[dev.sunrisetheme.com/html-lyon/css/images/ui-bg_diagonals-thick_18_b81900_40x40.png]
[dev.sunrisetheme.com/html-lyon/css/images/ui-icons_222222_256x240.png]
[dev.sunrisetheme.com/html-lyon/css/images/ui-icons_ffffff_256x240.png]
[dev.sunrisetheme.com/html-lyon/css/images/ui-icons_ef8c08_256x240.png]
[dev.sunrisetheme.com/html-lyon/css/images/ui-icons_228ef1_256x240.png]
[dev.sunrisetheme.com/html-lyon/css/images/ui-icons_ffd27a_256x240.png]
[dev.sunrisetheme.com/html-lyon/css/images/ui-bg_diagonals-thick_20_666666_40x40.png]
[dev.sunrisetheme.com/html-lyon/css/images/ui-bg_flat_10_000000_40x100.png]
[dev.sunrisetheme.com/html-lyon/css/jquery-ui.css]
[dev.sunrisetheme.com/html-lyon/images/next.png]
[dev.sunrisetheme.com/html-lyon/images/prev.png]
[dev.sunrisetheme.com/html-lyon/css/event.css]
[dev.sunrisetheme.com/html-lyon/revolution/css/layers.css]
[dev.sunrisetheme.com/html-lyon/revolution/css/navigation.css]
[dev.sunrisetheme.com/html-lyon/images/upload/lightbox.png]
[dev.sunrisetheme.com/html-lyon/revolution/fonts/revicons/revicons90c6.eot]
[dev.sunrisetheme.com/html-lyon/revolution/js/extensions/revolution.extension.layeranimation.min.js]
[dev.sunrisetheme.com/html-lyon/revolution/fonts/revicons/revicons90c6.woff]
[dev.sunrisetheme.com/html-lyon/revolution/fonts/revicons/revicons90c6.ttf]
[dev.sunrisetheme.com/html-lyon/revolution/css/openhand.cur]
[dev.sunrisetheme.com/html-lyon/revolution/css/closedhand.cur]
[dev.sunrisetheme.com/html-lyon/revolution/assets/gridtile.png]
[dev.sunrisetheme.com/html-lyon/revolution/assets/gridtile_white.png]
[dev.sunrisetheme.com/html-lyon/revolution/assets/gridtile_3x3.png]
[dev.sunrisetheme.com/html-lyon/revolution/assets/gridtile_3x3_white.png]
[dev.sunrisetheme.com/html-lyon/revolution/images/gradient/g30.png]
[dev.sunrisetheme.com/html-lyon/revolution/images/gradient/g40.png]
[dev.sunrisetheme.com/html-lyon/revolution/assets/coloredbg.png]
[dev.sunrisetheme.com/html-lyon/revolution/assets/loader.gif]
[dev.sunrisetheme.com/html-lyon/revolution/assets/prev.png]
[dev.sunrisetheme.com/html-lyon/revolution/css/settings.css]
[dev.sunrisetheme.com/html-lyon/index-2.html]
[dev.sunrisetheme.com/html-lyon/revolution/assets/next.png]
[dev.sunrisetheme.com/html-lyon/images/upload/bali.jpg]
[dev.sunrisetheme.com/html-lyon/rooms-listing-2-columns.html]
[dev.sunrisetheme.com/html-lyon/rooms-listing-3-columns.html]
[dev.sunrisetheme.com/html-lyon/images/upload/h3.jpg]
[dev.sunrisetheme.com/html-lyon/images/stars_crystal/rating_off.gif]
[dev.sunrisetheme.com/html-lyon/rooms-listing-grid-3-columns.html]
[dev.sunrisetheme.com/html-lyon/images/upload/the-211-best-hotels-in-america.jpg]
[dev.sunrisetheme.com/html-lyon/js/owl.carousel.js]
[dev.sunrisetheme.com/html-lyon/single-room.html]
[dev.sunrisetheme.com/html-lyon/images/upload/Dusk-Exterior.jpg]
